[      47ms] [LOG] Initializing Algolia client... @ http://localhost:4322/src/lib/algoliaClient.ts:24
[      48ms] [LOG] Environment variables: {appId: undefined, apiKey: undefined, indexName: undefined} @ http://localhost:4322/src/lib/algoliaClient.ts:28
[      48ms] [LOG] Using mock Algolia client @ http://localhost:4322/src/lib/algoliaClient.ts:37
[      48ms] [LOG] Final searchClient type: object @ http://localhost:4322/src/lib/algoliaClient.ts:43
[      48ms] [LOG] Final searchIndex: eu_zentala_io @ http://localhost:4322/src/lib/algoliaClient.ts:44
[      48ms] [LOG] Final searchClient methods: [search] @ http://localhost:4322/src/lib/algoliaClient.ts:45
[      49ms] [LOG] AlgoliaSearch component initializing... @ http://localhost:4322/src/components/AlgoliaSearch.astro?astro&type=script&index=0&lang.ts:2
[      49ms] [LOG] searchClient type: object @ http://localhost:4322/src/components/AlgoliaSearch.astro?astro&type=script&index=0&lang.ts:3
[      49ms] [LOG] searchClient methods: [search] @ http://localhost:4322/src/components/AlgoliaSearch.astro?astro&type=script&index=0&lang.ts:4
[      49ms] [LOG] searchIndex: eu_zentala_io @ http://localhost:4322/src/components/AlgoliaSearch.astro?astro&type=script&index=0&lang.ts:5
[      49ms] [LOG] AlgoliaSearch component initialized @ http://localhost:4322/src/components/AlgoliaSearch.astro?astro&type=script&index=0&lang.ts:123
[    2560ms] [LOG] Initializing Algolia client... @ http://localhost:4322/src/lib/algoliaClient.ts:24
[    2560ms] [LOG] Environment variables: {appId: undefined, apiKey: undefined, indexName: undefined} @ http://localhost:4322/src/lib/algoliaClient.ts:28
[    2560ms] [LOG] Using mock Algolia client @ http://localhost:4322/src/lib/algoliaClient.ts:37
[    2560ms] [LOG] Final searchClient type: object @ http://localhost:4322/src/lib/algoliaClient.ts:43
[    2560ms] [LOG] Final searchIndex: eu_zentala_io @ http://localhost:4322/src/lib/algoliaClient.ts:44
[    2560ms] [LOG] Final searchClient methods: [search] @ http://localhost:4322/src/lib/algoliaClient.ts:45
[    2561ms] [LOG] AlgoliaSearch component initializing... @ http://localhost:4322/src/components/AlgoliaSearch.astro?astro&type=script&index=0&lang.ts:2
[    2561ms] [LOG] searchClient type: object @ http://localhost:4322/src/components/AlgoliaSearch.astro?astro&type=script&index=0&lang.ts:3
[    2561ms] [LOG] searchClient methods: [search] @ http://localhost:4322/src/components/AlgoliaSearch.astro?astro&type=script&index=0&lang.ts:4
[    2561ms] [LOG] searchIndex: eu_zentala_io @ http://localhost:4322/src/components/AlgoliaSearch.astro?astro&type=script&index=0&lang.ts:5
[    2561ms] [LOG] AlgoliaSearch component initialized @ http://localhost:4322/src/components/AlgoliaSearch.astro?astro&type=script&index=0&lang.ts:123
